###############################################################################
#
# IAR ELF Linker V7.40.3.8902/W32 for ARM                 19/May/2016  17:15:53
# Copyright 2007-2015 IAR Systems AB.
#
#    Output file  =  
#        E:\TCL\PROJECT\sensor\software\Sensor\EWARM\Sensor\Exe\Sensor.out
#    Map file     =  
#        E:\TCL\PROJECT\sensor\software\Sensor\EWARM\Sensor/List\Sensor.map
#    Command line =  
#        E:\TCL\PROJECT\sensor\software\Sensor\EWARM\Sensor\Obj\apprtc.o
#        E:\TCL\PROJECT\sensor\software\Sensor\EWARM\Sensor\Obj\common.o
#        E:\TCL\PROJECT\sensor\software\Sensor\EWARM\Sensor\Obj\gpio.o
#        E:\TCL\PROJECT\sensor\software\Sensor\EWARM\Sensor\Obj\i2c.o
#        E:\TCL\PROJECT\sensor\software\Sensor\EWARM\Sensor\Obj\main.o
#        E:\TCL\PROJECT\sensor\software\Sensor\EWARM\Sensor\Obj\rtc.o
#        E:\TCL\PROJECT\sensor\software\Sensor\EWARM\Sensor\Obj\sensorapp.o
#        E:\TCL\PROJECT\sensor\software\Sensor\EWARM\Sensor\Obj\startup_stm32l152xc.o
#        E:\TCL\PROJECT\sensor\software\Sensor\EWARM\Sensor\Obj\stm32l1xx_hal.o
#        E:\TCL\PROJECT\sensor\software\Sensor\EWARM\Sensor\Obj\stm32l1xx_hal_cortex.o
#        E:\TCL\PROJECT\sensor\software\Sensor\EWARM\Sensor\Obj\stm32l1xx_hal_dma.o
#        E:\TCL\PROJECT\sensor\software\Sensor\EWARM\Sensor\Obj\stm32l1xx_hal_flash.o
#        E:\TCL\PROJECT\sensor\software\Sensor\EWARM\Sensor\Obj\stm32l1xx_hal_flash_ex.o
#        E:\TCL\PROJECT\sensor\software\Sensor\EWARM\Sensor\Obj\stm32l1xx_hal_flash_ramfunc.o
#        E:\TCL\PROJECT\sensor\software\Sensor\EWARM\Sensor\Obj\stm32l1xx_hal_gpio.o
#        E:\TCL\PROJECT\sensor\software\Sensor\EWARM\Sensor\Obj\stm32l1xx_hal_i2c.o
#        E:\TCL\PROJECT\sensor\software\Sensor\EWARM\Sensor\Obj\stm32l1xx_hal_msp.o
#        E:\TCL\PROJECT\sensor\software\Sensor\EWARM\Sensor\Obj\stm32l1xx_hal_pwr.o
#        E:\TCL\PROJECT\sensor\software\Sensor\EWARM\Sensor\Obj\stm32l1xx_hal_pwr_ex.o
#        E:\TCL\PROJECT\sensor\software\Sensor\EWARM\Sensor\Obj\stm32l1xx_hal_rcc.o
#        E:\TCL\PROJECT\sensor\software\Sensor\EWARM\Sensor\Obj\stm32l1xx_hal_rcc_ex.o
#        E:\TCL\PROJECT\sensor\software\Sensor\EWARM\Sensor\Obj\stm32l1xx_hal_rtc.o
#        E:\TCL\PROJECT\sensor\software\Sensor\EWARM\Sensor\Obj\stm32l1xx_hal_rtc_ex.o
#        E:\TCL\PROJECT\sensor\software\Sensor\EWARM\Sensor\Obj\stm32l1xx_hal_tim.o
#        E:\TCL\PROJECT\sensor\software\Sensor\EWARM\Sensor\Obj\stm32l1xx_hal_tim_ex.o
#        E:\TCL\PROJECT\sensor\software\Sensor\EWARM\Sensor\Obj\stm32l1xx_hal_uart.o
#        E:\TCL\PROJECT\sensor\software\Sensor\EWARM\Sensor\Obj\stm32l1xx_it.o
#        E:\TCL\PROJECT\sensor\software\Sensor\EWARM\Sensor\Obj\system_stm32l1xx.o
#        E:\TCL\PROJECT\sensor\software\Sensor\EWARM\Sensor\Obj\uartapp.o
#        E:\TCL\PROJECT\sensor\software\Sensor\EWARM\Sensor\Obj\usart.o
#        --redirect _Printf=_PrintfFull --redirect _Scanf=_ScanfFull -o
#        E:\TCL\PROJECT\sensor\software\Sensor\EWARM\Sensor\Exe\Sensor.out
#        --map
#        E:\TCL\PROJECT\sensor\software\Sensor\EWARM\Sensor/List\Sensor.map
#        --config
#        E:\TCL\PROJECT\sensor\software\Sensor\EWARM/stm32l152xc_flash.icf
#        --semihosting --entry __iar_program_start --vfe
#
###############################################################################

*******************************************************************************
*** RUNTIME MODEL ATTRIBUTES
***

CppFlavor                     = *
__Heap_Handler                = Basic
__SystemLibrary               = DLib
__dlib_dynamic_initialization = normal


*******************************************************************************
*** PLACEMENT SUMMARY
***

"A1":  place at 0x08000000 { ro section .intvec };
"P1":  place in [from 0x08000000 to 0x0803ffff] { ro };
"P2":  place in [from 0x20000000 to 0x20007fff] { rw, block CSTACK, block HEAP };

  Section             Kind        Address    Size  Object
  -------             ----        -------    ----  ------
"A1":                                       0x124
  .intvec             ro code  0x08000000   0x124  startup_stm32l152xc.o [1]
                             - 0x08000124   0x124

"P1":                                      0x60a1
  .text               ro code  0x08000124  0x1156  xprintffull.o [3]
  .text               ro code  0x0800127a    0x20  xmbtowc.o [3]
  .text               ro code  0x0800129c    0x16  strchr.o [5]
  .text               ro code  0x080012b4    0x36  strlen.o [5]
  .text               ro code  0x080012ec    0x58  memchr.o [5]
  .text               ro code  0x08001344     0xa  xmbcurmax.o [3]
  .text               ro code  0x08001350    0xb0  xxmemxmalloc.o [3]
  .text               ro code  0x08001400    0x1a  xwctomb.o [3]
  .text               ro code  0x0800141c    0x76  ABImemcpy_unaligned.o [5]
  .text               ro code  0x08001494    0x80  xxmemxfree.o [3]
  .text               ro code  0x08001514    0xee  I64DivMod.o [5]
  .text               ro code  0x08001602    0x42  xdnorm.o [4]
  .text               ro code  0x08001644    0x2e  DblCmpLe.o [4]
  .text               ro code  0x08001674    0x2e  DblCmpGe.o [4]
  .text               ro code  0x080016a4   0x110  xdscale.o [4]
  .text               ro code  0x080017b4    0x58  DblToI32.o [4]
  .text               ro code  0x0800180c    0x30  I32ToDbl.o [4]
  .text               ro code  0x0800183c   0x180  DblSub.o [4]
  .text               ro code  0x080019bc   0x1a2  DblMul.o [4]
  .text               ro code  0x08001b60   0x256  DblDiv.o [4]
  .text               ro code  0x08001db8    0x6c  localeconv.o [3]
  .text               ro code  0x08001e24     0xe  div.o [3]
  .text               ro code  0x08001e34    0x14  setlocale.o [3]
  .text               ro code  0x08001e48    0x60  xencoding_sb.o [3]
  .text               ro code  0x08001ea8    0x2c  xgetmemchunk.o [3]
  .text               ro code  0x08001ed4     0x2  I64DivZer.o [5]
  .text               ro code  0x08001ed8    0xd4  DblAdd.o [4]
  .text               ro code  0x08001fac     0x2  xtls.o [3]
  .text               ro code  0x08001fb0   0xdd4  stm32l1xx_hal_i2c.o [1]
  .text               ro code  0x08002d84    0xd8  i2c.o [1]
  .text               ro code  0x08002e5c   0xcc4  stm32l1xx_hal_rcc.o [1]
  .text               ro code  0x08003b20    0x54  stm32l1xx_hal.o [1]
  .text               ro code  0x08003b74   0x200  stm32l1xx_hal_gpio.o [1]
  .text               ro code  0x08003d74   0x164  stm32l1xx_hal_cortex.o [1]
  .text               ro code  0x08003ed8    0x10  stm32l1xx_hal_pwr_ex.o [1]
  .text               ro code  0x08003ee8    0x80  stm32l1xx_hal_msp.o [1]
  .text               ro code  0x08003f68    0xe4  common.o [1]
  .text               ro code  0x0800404c   0x420  sensorapp.o [1]
  .text               ro code  0x0800446c    0x10  sensorapp.o [1]
  .text               ro code  0x0800447c    0x24  printf.o [3]
  .text               ro code  0x080044a0     0xc  common.o [1]
  .text               ro code  0x080044ac     0xc  common.o [1]
  .text               ro code  0x080044b8   0x86c  stm32l1xx_hal_uart.o [1]
  .text               ro code  0x08004d24    0x32  I32ToFlt.o [4]
  .text               ro code  0x08004d58    0x84  FltAdd.o [4]
  .text               ro code  0x08004ddc    0xfc  FltDiv.o [4]
  .text               ro code  0x08004ed8    0xd8  FltMul.o [4]
  .text               ro code  0x08004fb0    0x44  FltToS32.o [4]
  .text               ro code  0x08004ff4     0xc  sensorapp.o [1]
  .text               ro code  0x08005000    0x4e  FltToDbl.o [4]
  .text               ro code  0x08005050     0xc  sensorapp.o [1]
  .text               ro code  0x0800505c    0x18  strrchr.o [3]
  .text               ro code  0x08005074    0xa4  usart.o [1]
  .text               ro code  0x08005118    0x18  uartapp.o [1]
  .text               ro code  0x08005130    0xd6  FltSub.o [4]
  .text               ro code  0x08005208   0x3e4  stm32l1xx_hal_rtc.o [1]
  .text               ro code  0x080055ec    0xf8  rtc.o [1]
  .text               ro code  0x080056e4   0x2ba  stm32l1xx_hal_rtc_ex.o [1]
  .text               ro code  0x080059a0    0x1e  apprtc.o [1]
  .text               ro code  0x080059c0   0x174  stm32l1xx_hal_rcc_ex.o [1]
  .text               ro code  0x08005b34    0xf0  main.o [1]
  .text               ro code  0x08005c24    0x94  gpio.o [1]
  .text               ro code  0x08005cb8    0xd0  packbits_init.o [5]
  .text               ro code  0x08005d88     0x6  abort.o [3]
  .text               ro code  0x08005d90    0x14  exit.o [6]
  .text               ro code  0x08005da4    0x64  system_stm32l1xx.o [1]
  .text               ro code  0x08005e08    0x4c  stm32l1xx_it.o [1]
  .text               ro code  0x08005e54    0x40  zero_init3.o [5]
  .rodata             const    0x08005e94    0x3c  sensorapp.o [1]
  .rodata             const    0x08005ed0    0x34  common.o [1]
  .rodata             const    0x08005f04    0x28  common.o [1]
  .text               ro code  0x08005f2c    0x28  data_init.o [5]
  .rodata             const    0x08005f54    0x24  sensorapp.o [1]
  .iar.init_table     const    0x08005f78    0x2c  - Linker created -
  .rodata             const    0x08005fa4    0x20  sensorapp.o [1]
  .rodata             const    0x08005fc4    0x1c  sensorapp.o [1]
  .rodata             const    0x08005fe0    0x1c  sensorapp.o [1]
  .text               ro code  0x08005ffc    0x1a  cmain.o [5]
  .text               ro code  0x08006016     0x4  low_level_init.o [3]
  .text               ro code  0x0800601a     0x4  exit.o [3]
  .text               ro code  0x08006020     0xa  cexit.o [5]
  .rodata             const    0x0800602c    0x18  sensorapp.o [1]
  .text               ro code  0x08006044    0x16  xprout.o [3]
  .text               ro code  0x0800605c     0xc  putchar.o [3]
  .rodata             const    0x08006068    0x10  system_stm32l1xx.o [1]
  .text               ro code  0x08006078    0x10  startup_stm32l152xc.o [1]
  .rodata             const    0x08006088     0xc  common.o [1]
  .rodata             const    0x08006094     0xc  sensorapp.o [1]
  .rodata             const    0x080060a0     0xc  stm32l1xx_hal_rcc.o [1]
  .text               ro code  0x080060ac     0xc  cstartup_M.o [5]
  .rodata             const    0x080060b8     0x8  system_stm32l1xx.o [1]
  .rodata             const    0x080060c0     0x4  stm32l1xx_hal_rcc.o [1]
  .text               ro code  0x080060c4     0x4  startup_stm32l152xc.o [1]
  .text               ro code  0x080060c8     0x4  startup_stm32l152xc.o [1]
  .text               ro code  0x080060cc     0x4  startup_stm32l152xc.o [1]
  .text               ro code  0x080060d0     0x4  startup_stm32l152xc.o [1]
  .text               ro code  0x080060d4     0x4  startup_stm32l152xc.o [1]
  .text               ro code  0x080060d8     0x4  startup_stm32l152xc.o [1]
  .text               ro code  0x080060dc     0x4  startup_stm32l152xc.o [1]
  .text               ro code  0x080060e0     0x4  startup_stm32l152xc.o [1]
  .text               ro code  0x080060e4     0x4  startup_stm32l152xc.o [1]
  .text               ro code  0x080060e8     0x4  startup_stm32l152xc.o [1]
  .text               ro code  0x080060ec     0x4  startup_stm32l152xc.o [1]
  .text               ro code  0x080060f0     0x4  startup_stm32l152xc.o [1]
  .text               ro code  0x080060f4     0x4  startup_stm32l152xc.o [1]
  .text               ro code  0x080060f8     0x4  startup_stm32l152xc.o [1]
  .text               ro code  0x080060fc     0x4  startup_stm32l152xc.o [1]
  .text               ro code  0x08006100     0x4  startup_stm32l152xc.o [1]
  .text               ro code  0x08006104     0x4  startup_stm32l152xc.o [1]
  .text               ro code  0x08006108     0x4  startup_stm32l152xc.o [1]
  .text               ro code  0x0800610c     0x4  startup_stm32l152xc.o [1]
  .text               ro code  0x08006110     0x4  startup_stm32l152xc.o [1]
  .text               ro code  0x08006114     0x4  startup_stm32l152xc.o [1]
  .text               ro code  0x08006118     0x4  startup_stm32l152xc.o [1]
  .text               ro code  0x0800611c     0x4  startup_stm32l152xc.o [1]
  .text               ro code  0x08006120     0x4  startup_stm32l152xc.o [1]
  .text               ro code  0x08006124     0x4  startup_stm32l152xc.o [1]
  .text               ro code  0x08006128     0x4  startup_stm32l152xc.o [1]
  .text               ro code  0x0800612c     0x4  startup_stm32l152xc.o [1]
  .text               ro code  0x08006130     0x4  startup_stm32l152xc.o [1]
  .text               ro code  0x08006134     0x4  startup_stm32l152xc.o [1]
  .text               ro code  0x08006138     0x4  startup_stm32l152xc.o [1]
  .text               ro code  0x0800613c     0x4  startup_stm32l152xc.o [1]
  .text               ro code  0x08006140     0x4  startup_stm32l152xc.o [1]
  .text               ro code  0x08006144     0x4  startup_stm32l152xc.o [1]
  .text               ro code  0x08006148     0x4  startup_stm32l152xc.o [1]
  .text               ro code  0x0800614c     0x4  startup_stm32l152xc.o [1]
  .text               ro code  0x08006150     0x4  startup_stm32l152xc.o [1]
  .text               ro code  0x08006154     0x4  startup_stm32l152xc.o [1]
  .text               ro code  0x08006158     0x4  startup_stm32l152xc.o [1]
  .text               ro code  0x0800615c     0x4  startup_stm32l152xc.o [1]
  .text               ro code  0x08006160     0x4  startup_stm32l152xc.o [1]
  .text               ro code  0x08006164     0x4  startup_stm32l152xc.o [1]
  .text               ro code  0x08006168     0x4  startup_stm32l152xc.o [1]
  .text               ro code  0x0800616c     0x4  startup_stm32l152xc.o [1]
  .text               ro code  0x08006170     0x4  startup_stm32l152xc.o [1]
  .text               ro code  0x08006174     0x4  startup_stm32l152xc.o [1]
  .text               ro code  0x08006178     0x4  startup_stm32l152xc.o [1]
  .text               ro code  0x0800617c     0x4  startup_stm32l152xc.o [1]
  .text               ro code  0x08006180     0x4  startup_stm32l152xc.o [1]
  .text               ro code  0x08006184     0x4  startup_stm32l152xc.o [1]
  .text               ro code  0x08006188     0x4  startup_stm32l152xc.o [1]
  .text               ro code  0x0800618c     0x4  startup_stm32l152xc.o [1]
  .rodata             const    0x08006190     0x0  zero_init3.o [5]
  .rodata             const    0x08006190     0x0  packbits_init.o [5]
  Initializer bytes   const    0x08006190    0x35  <for P2 s0>
                             - 0x080061c5  0x60a1

"P2":                                       0x860
  P2 s0                        0x20000000   0x142  <Init block>
    __DLIB_PERTHREAD  inited   0x20000000    0x88  localeconv.o [3]
    __DLIB_PERTHREAD  inited   0x20000088    0x74  setlocale.o [3]
    .data             inited   0x200000fc    0x40  xfiles.o [3]
    .data             inited   0x2000013c     0x4  system_stm32l1xx.o [1]
    .data             inited   0x20000140     0x2  common.o [1]
  .bss                zero     0x20000144    0x50  xfiles.o [3]
  .bss                zero     0x20000194    0x40  usart.o [1]
  .bss                zero     0x200001d4    0x3c  i2c.o [1]
  .bss                zero     0x20000210    0x20  rtc.o [1]
  .bss                zero     0x20000230     0xc  sensorapp.o [1]
  .bss                zero     0x2000023c     0x8  sensorapp.o [1]
  .bss                zero     0x20000244     0x8  xxmemxmalloc.o [3]
  .bss                zero     0x2000024c     0x4  common.o [1]
  .bss                zero     0x20000250     0x4  sensorapp.o [1]
  .bss                zero     0x20000254     0x4  stm32l1xx_hal.o [1]
  .bss                zero     0x20000258     0x4  xgetmemchunk.o [3]
  .bss                zero     0x2000025c     0x1  common.o [1]
  .bss                zero     0x2000025d     0x1  common.o [1]
  .bss                zero     0x2000025e     0x1  uartapp.o [1]
  CSTACK                       0x20000260   0x400  <Block>
    CSTACK            uninit   0x20000260   0x400  <Block tail>
  HEAP                         0x20000660   0x200  <Block>
    HEAP              uninit   0x20000660   0x200  <Block tail>
                             - 0x20000860   0x860


*******************************************************************************
*** INIT TABLE
***

          Address     Size
          -------     ----
Zero (__iar_zero_init3)
    1 destination range, total size 0x11b:
          0x20000144  0x11b

Copy/packbits (__iar_packbits_init3)
    1 source range, total size 0x35 (16% of destination):
          0x08006190   0x35
    1 destination range, total size 0x142:
          0x20000000  0x142



*******************************************************************************
*** MODULE SUMMARY
***

    Module                  ro code  ro data  rw data
    ------                  -------  -------  -------
E:\TCL\PROJECT\sensor\software\Sensor\EWARM\Sensor\Obj: [1]
    apprtc.o                     30
    common.o                    252      105        8
    gpio.o                      148
    i2c.o                       216                60
    main.o                      240
    rtc.o                       248                32
    sensorapp.o               1 096      220       24
    startup_stm32l152xc.o       512
    stm32l1xx_hal.o              84                 4
    stm32l1xx_hal_cortex.o      356
    stm32l1xx_hal_gpio.o        512
    stm32l1xx_hal_i2c.o       3 540
    stm32l1xx_hal_msp.o         128
    stm32l1xx_hal_pwr_ex.o       16
    stm32l1xx_hal_rcc.o       3 268       16
    stm32l1xx_hal_rcc_ex.o      372
    stm32l1xx_hal_rtc.o         996
    stm32l1xx_hal_rtc_ex.o      698
    stm32l1xx_hal_uart.o      2 156
    stm32l1xx_it.o               76
    system_stm32l1xx.o          100       24        4
    uartapp.o                    24                 1
    usart.o                     164                64
    -------------------------------------------------
    Total:                   15 232      365      197

command line: [2]
    -------------------------------------------------
    Total:

dl7M_tlf.a: [3]
    abort.o                       6
    div.o                        14
    exit.o                        4
    localeconv.o                108       22      136
    low_level_init.o              4
    printf.o                     36
    putchar.o                    12
    setlocale.o                  20       19      116
    strrchr.o                    24
    xencoding_sb.o               96
    xfiles.o                              11      144
    xgetmemchunk.o               44                 4
    xmbcurmax.o                  10
    xmbtowc.o                    32
    xprintffull.o             4 438
    xprout.o                     22
    xtls.o                        2
    xwctomb.o                    26
    xxmemxfree.o                128
    xxmemxmalloc.o              176                 8
    -------------------------------------------------
    Total:                    5 202       52      408

m7M_tl.a: [4]
    DblAdd.o                    212
    DblCmpGe.o                   46
    DblCmpLe.o                   46
    DblDiv.o                    598
    DblMul.o                    418
    DblSub.o                    384
    DblToI32.o                   88
    FltAdd.o                    132
    FltDiv.o                    252
    FltMul.o                    216
    FltSub.o                    214
    FltToDbl.o                   78
    FltToS32.o                   68
    I32ToDbl.o                   48
    I32ToFlt.o                   50
    xdnorm.o                     66
    xdscale.o                   272
    -------------------------------------------------
    Total:                    3 188

rt7M_tl.a: [5]
    ABImemcpy_unaligned.o       118
    I64DivMod.o                 238
    I64DivZer.o                   2
    cexit.o                      10
    cmain.o                      26
    cstartup_M.o                 12
    data_init.o                  40
    memchr.o                     88
    packbits_init.o             208
    strchr.o                     22
    strlen.o                     54
    zero_init3.o                 64
    -------------------------------------------------
    Total:                      882

shb_l.a: [6]
    exit.o                       20
    -------------------------------------------------
    Total:                       20

    Gaps                         42        2        2
    Linker created                        44    1 536
-----------------------------------------------------
    Grand Total:             24 566      463    2 143


*******************************************************************************
*** ENTRY LIST
***

Entry                      Address   Size  Type      Object
-----                      -------   ----  ----      ------
.iar.init_table$$Base   0x08005f78          --   Gb  - Linker created -
.iar.init_table$$Limit  0x08005fa4          --   Gb  - Linker created -
?main                   0x08005ffd         Code  Gb  cmain.o [5]
AHBPrescTable           0x08006068   0x10  Data  Gb  system_stm32l1xx.o [1]
APBPrescTable           0x080060b8    0x8  Data  Gb  system_stm32l1xx.o [1]
AcqDataStart            0x080044ad    0xc  Code  Gb  common.o [1]
AcqDataStop             0x08005051    0xc  Code  Gb  sensorapp.o [1]
AcqDataTest             0x0800435b   0xa6  Code  Gb  sensorapp.o [1]
BusFault_Handler        0x08005e0f    0x2  Code  Gb  stm32l1xx_it.o [1]
CSTACK$$Base            0x20000260          --   Gb  - Linker created -
CSTACK$$Limit           0x20000660          --   Gb  - Linker created -
DebugMon_Handler        0x08005e13    0x2  Code  Gb  stm32l1xx_it.o [1]
HAL_GPIO_Init           0x08003b75  0x1c0  Code  Gb  stm32l1xx_hal_gpio.o [1]
HAL_GPIO_WritePin       0x08003d35   0x14  Code  Gb  stm32l1xx_hal_gpio.o [1]
HAL_GetTick             0x08003b67    0x6  Code  Wk  stm32l1xx_hal.o [1]
HAL_I2C_ER_IRQHandler   0x080025fd   0xce  Code  Gb  stm32l1xx_hal_i2c.o [1]
HAL_I2C_EV_IRQHandler   0x080024c9  0x134  Code  Gb  stm32l1xx_hal_i2c.o [1]
HAL_I2C_ErrorCallback   0x080026d7    0x2  Code  Wk  stm32l1xx_hal_i2c.o [1]
HAL_I2C_Init            0x08001fb1  0x170  Code  Gb  stm32l1xx_hal_i2c.o [1]
HAL_I2C_MasterRxCpltCallback
                        0x080026cd    0x2  Code  Wk  stm32l1xx_hal_i2c.o [1]
HAL_I2C_MasterTxCpltCallback
                        0x080026cb    0x2  Code  Wk  stm32l1xx_hal_i2c.o [1]
HAL_I2C_Master_Receive  0x08002259  0x256  Code  Gb  stm32l1xx_hal_i2c.o [1]
HAL_I2C_Master_Transmit
                        0x08002121  0x138  Code  Gb  stm32l1xx_hal_i2c.o [1]
HAL_I2C_MemRxCpltCallback
                        0x080026d5    0x2  Code  Wk  stm32l1xx_hal_i2c.o [1]
HAL_I2C_MemTxCpltCallback
                        0x080026d3    0x2  Code  Wk  stm32l1xx_hal_i2c.o [1]
HAL_I2C_MspInit         0x08002dc7   0x80  Code  Gb  i2c.o [1]
HAL_I2C_SlaveRxCpltCallback
                        0x080026d1    0x2  Code  Wk  stm32l1xx_hal_i2c.o [1]
HAL_I2C_SlaveTxCpltCallback
                        0x080026cf    0x2  Code  Wk  stm32l1xx_hal_i2c.o [1]
HAL_IncTick             0x08003b5b    0xc  Code  Wk  stm32l1xx_hal.o [1]
HAL_Init                0x08003b21   0x16  Code  Gb  stm32l1xx_hal.o [1]
HAL_InitTick            0x08003b37   0x24  Code  Wk  stm32l1xx_hal.o [1]
HAL_MspInit             0x08003ee9   0x80  Code  Gb  stm32l1xx_hal_msp.o [1]
HAL_NVIC_EnableIRQ      0x08003e77    0xe  Code  Gb  stm32l1xx_hal_cortex.o [1]
HAL_NVIC_SetPriority    0x08003e51   0x26  Code  Gb  stm32l1xx_hal_cortex.o [1]
HAL_NVIC_SetPriorityGrouping
                        0x08003e45    0xc  Code  Gb  stm32l1xx_hal_cortex.o [1]
HAL_PWREx_GetVoltageRange
                        0x08003ed9    0xa  Code  Gb  stm32l1xx_hal_pwr_ex.o [1]
HAL_RCCEx_PeriphCLKConfig
                        0x080059c1  0x15e  Code  Gb  stm32l1xx_hal_rcc_ex.o [1]
HAL_RCC_ClockConfig     0x08003695  0x2aa  Code  Gb  stm32l1xx_hal_rcc.o [1]
HAL_RCC_GetHCLKFreq     0x080039f3    0x6  Code  Gb  stm32l1xx_hal_rcc.o [1]
HAL_RCC_GetPCLK1Freq    0x080039f9   0x26  Code  Gb  stm32l1xx_hal_rcc.o [1]
HAL_RCC_GetPCLK2Freq    0x08003a25   0x26  Code  Gb  stm32l1xx_hal_rcc.o [1]
HAL_RCC_GetSysClockFreq
                        0x0800393f   0xb4  Code  Gb  stm32l1xx_hal_rcc.o [1]
HAL_RCC_OscConfig       0x08002e5d  0x838  Code  Gb  stm32l1xx_hal_rcc.o [1]
HAL_RTCEx_AlarmBEventCallback
                        0x0800599d    0x2  Code  Wk  stm32l1xx_hal_rtc_ex.o [1]
HAL_RTC_AlarmAEventCallback
                        0x080059a1   0x1e  Code  Gb  apprtc.o [1]
HAL_RTC_AlarmIRQHandler
                        0x08005515   0x5e  Code  Gb  stm32l1xx_hal_rtc.o [1]
HAL_RTC_GetDate         0x080054c7   0x4e  Code  Gb  stm32l1xx_hal_rtc.o [1]
HAL_RTC_GetTime         0x080056e5   0x66  Code  Gb  stm32l1xx_hal_rtc_ex.o [1]
HAL_RTC_Init            0x08005209   0xac  Code  Gb  stm32l1xx_hal_rtc.o [1]
HAL_RTC_MspInit         0x080056ab   0x2e  Code  Gb  rtc.o [1]
HAL_RTC_SetAlarm_IT     0x0800574b  0x208  Code  Gb  stm32l1xx_hal_rtc_ex.o [1]
HAL_RTC_SetDate         0x080053cb   0xfc  Code  Gb  stm32l1xx_hal_rtc.o [1]
HAL_RTC_SetTime         0x080052b5  0x116  Code  Gb  stm32l1xx_hal_rtc.o [1]
HAL_RTC_WaitForSynchro  0x08005953   0x3c  Code  Gb  stm32l1xx_hal_rtc_ex.o [1]
HAL_SYSTICK_CLKSourceConfig
                        0x08003e91   0x20  Code  Gb  stm32l1xx_hal_cortex.o [1]
HAL_SYSTICK_Callback    0x08003ff9   0x34  Code  Gb  common.o [1]
HAL_SYSTICK_Config      0x08003e85    0xc  Code  Gb  stm32l1xx_hal_cortex.o [1]
HAL_SYSTICK_IRQHandler  0x08003ed1    0x8  Code  Gb  stm32l1xx_hal_cortex.o [1]
HAL_UART_ErrorCallback  0x080047c9    0x2  Code  Wk  stm32l1xx_hal_uart.o [1]
HAL_UART_IRQHandler     0x080046ad  0x11a  Code  Gb  stm32l1xx_hal_uart.o [1]
HAL_UART_Init           0x080044b9   0x70  Code  Gb  stm32l1xx_hal_uart.o [1]
HAL_UART_MspInit        0x080050b1   0x58  Code  Gb  usart.o [1]
HAL_UART_Receive_IT     0x08004625   0x88  Code  Gb  stm32l1xx_hal_uart.o [1]
HAL_UART_RxCpltCallback
                        0x08005119   0x18  Code  Gb  uartapp.o [1]
HAL_UART_Transmit       0x08004529   0xfc  Code  Gb  stm32l1xx_hal_uart.o [1]
HAL_UART_TxCpltCallback
                        0x080047c7    0x2  Code  Wk  stm32l1xx_hal_uart.o [1]
HEAP$$Base              0x20000660          --   Gb  - Linker created -
HEAP$$Limit             0x20000860          --   Gb  - Linker created -
HTSensorAcqHandle       0x080042c1   0x9a  Code  Gb  sensorapp.o [1]
HTSensorAcqStart        0x080044a1    0xc  Code  Gb  common.o [1]
HTSensorAcqStop         0x08004ff5    0xc  Code  Gb  sensorapp.o [1]
HTSensorInit            0x08004055   0x88  Code  Gb  sensorapp.o [1]
HValueAcq               0x08004133   0xbe  Code  Gb  sensorapp.o [1]
HardFault_Handler       0x08005e0b    0x2  Code  Gb  stm32l1xx_it.o [1]
HardInit                0x08003f69   0x30  Code  Gb  common.o [1]
I2C2_ER_IRQHandler      0x08005e2b    0xa  Code  Gb  stm32l1xx_it.o [1]
I2C2_EV_IRQHandler      0x08005e21    0xa  Code  Gb  stm32l1xx_it.o [1]
I2C_IsAcknowledgeFailed
                        0x08002d5b   0x2a  Code  Lc  stm32l1xx_hal_i2c.o [1]
I2C_MasterReceive_BTF   0x080027dd   0xa6  Code  Lc  stm32l1xx_hal_i2c.o [1]
I2C_MasterReceive_RXNE  0x08002761   0x7c  Code  Lc  stm32l1xx_hal_i2c.o [1]
I2C_MasterRequestRead   0x08002a1f  0x106  Code  Lc  stm32l1xx_hal_i2c.o [1]
I2C_MasterRequestWrite  0x08002989   0x96  Code  Lc  stm32l1xx_hal_i2c.o [1]
I2C_MasterTransmit_BTF  0x08002705   0x5c  Code  Lc  stm32l1xx_hal_i2c.o [1]
I2C_MasterTransmit_TXE  0x080026d9   0x2c  Code  Lc  stm32l1xx_hal_i2c.o [1]
I2C_SlaveReceive_BTF    0x080028dd   0x1e  Code  Lc  stm32l1xx_hal_i2c.o [1]
I2C_SlaveReceive_RXNE   0x080028bf   0x1e  Code  Lc  stm32l1xx_hal_i2c.o [1]
I2C_SlaveTransmit_BTF   0x080028a1   0x1e  Code  Lc  stm32l1xx_hal_i2c.o [1]
I2C_SlaveTransmit_TXE   0x08002883   0x1e  Code  Lc  stm32l1xx_hal_i2c.o [1]
I2C_Slave_ADDR          0x080028fb   0x18  Code  Lc  stm32l1xx_hal_i2c.o [1]
I2C_Slave_AF            0x08002955   0x34  Code  Lc  stm32l1xx_hal_i2c.o [1]
I2C_Slave_STOPF         0x08002913   0x42  Code  Lc  stm32l1xx_hal_i2c.o [1]
I2C_WaitOnFlagUntilTimeout
                        0x08002b2d   0xda  Code  Lc  stm32l1xx_hal_i2c.o [1]
I2C_WaitOnMasterAddressFlagUntilTimeout
                        0x08002c07   0x9e  Code  Lc  stm32l1xx_hal_i2c.o [1]
I2C_WaitOnRXNEFlagUntilTimeout
                        0x08002cf7   0x64  Code  Lc  stm32l1xx_hal_i2c.o [1]
I2C_WaitOnTXEFlagUntilTimeout
                        0x08002ca5   0x52  Code  Lc  stm32l1xx_hal_i2c.o [1]
InStream_Read           0x08005cb9   0x22  Code  Lc  packbits_init.o [5]
IsAcqDataStart          0x08004401   0x12  Code  Gb  sensorapp.o [1]
IsHTSensorAcqStart      0x0800404d    0x8  Code  Gb  sensorapp.o [1]
IsHTSensorVolRight      0x080040dd   0x56  Code  Gb  sensorapp.o [1]
LoadInt                 0x08000759   0x6e  Code  Lc  xprintffull.o [3]
MX_GPIO_Init            0x08005c25   0x94  Code  Gb  gpio.o [1]
MX_I2C2_Init            0x08002d85   0x42  Code  Gb  i2c.o [1]
MX_RTC_Init             0x080055ed   0xbe  Code  Gb  rtc.o [1]
MX_USART1_UART_Init     0x08005075   0x3c  Code  Gb  usart.o [1]
MainHandle              0x08003f9b   0x3a  Code  Gb  common.o [1]
MemManage_Handler       0x08005e0d    0x2  Code  Gb  stm32l1xx_it.o [1]
NMI_Handler             0x08005e09    0x2  Code  Gb  stm32l1xx_it.o [1]
NVIC_EnableIRQ          0x08003d9d   0x14  Code  Lc  stm32l1xx_hal_cortex.o [1]
NVIC_EncodePriority     0x08003dd7   0x3e  Code  Lc  stm32l1xx_hal_cortex.o [1]
NVIC_GetPriorityGrouping
                        0x08003d93    0xa  Code  Lc  stm32l1xx_hal_cortex.o [1]
NVIC_SetPriority        0x08003db1   0x26  Code  Lc  stm32l1xx_hal_cortex.o [1]
NVIC_SetPriorityGrouping
                        0x08003d75   0x1e  Code  Lc  stm32l1xx_hal_cortex.o [1]
ParaInit                0x08003f99    0x2  Code  Gb  common.o [1]
RCC_SetFlashLatencyFromMSIRange
                        0x08003a61   0x90  Code  Lc  stm32l1xx_hal_rcc.o [1]
RTC_Alarm_IRQHandler    0x08005e3f    0xa  Code  Gb  stm32l1xx_it.o [1]
RTC_Bcd2ToByte          0x080055d3   0x1a  Code  Gb  stm32l1xx_hal_rtc.o [1]
RTC_ByteToBcd2          0x080055bd   0x16  Code  Gb  stm32l1xx_hal_rtc.o [1]
RTC_EnterInitMode       0x08005585   0x38  Code  Gb  stm32l1xx_hal_rtc.o [1]
Region$$Table$$Base     0x08005f78          --   Gb  - Linker created -
Region$$Table$$Limit    0x08005fa4          --   Gb  - Linker created -
SensorDataHandle        0x08004459   0x14  Code  Gb  sensorapp.o [1]
SysTick_Config          0x08003e15   0x30  Code  Lc  stm32l1xx_hal_cortex.o [1]
SysTick_Handler         0x08005e15    0xc  Code  Gb  stm32l1xx_it.o [1]
SystemClock_Config      0x08005b71   0xa8  Code  Gb  main.o [1]
SystemCoreClock         0x2000013c    0x4  Data  Gb  system_stm32l1xx.o [1]
SystemInit              0x08005da5   0x4c  Code  Gb  system_stm32l1xx.o [1]
TValueAcq               0x080041f1   0xd0  Code  Gb  sensorapp.o [1]
TimingDelay             0x2000024c    0x4  Data  Gb  common.o [1]
UART_EndTransmit_IT     0x08004927   0x30  Code  Lc  stm32l1xx_hal_uart.o [1]
UART_Receive_IT         0x08004957   0xc4  Code  Lc  stm32l1xx_hal_uart.o [1]
UART_SetConfig          0x08004a1b  0x2fe  Code  Lc  stm32l1xx_hal_uart.o [1]
UART_Transmit_IT        0x080048ad   0x7a  Code  Lc  stm32l1xx_hal_uart.o [1]
UART_WaitOnFlagUntilTimeout
                        0x080047cb   0xe2  Code  Lc  stm32l1xx_hal_uart.o [1]
USART1_IRQHandler       0x08005e35    0xa  Code  Gb  stm32l1xx_it.o [1]
UsageFault_Handler      0x08005e11    0x2  Code  Gb  stm32l1xx_it.o [1]
_EncodingSb_Mbtowc      0x08001e63   0x30  Code  Gb  xencoding_sb.o [3]
_EncodingSb_Wctomb      0x08001e49   0x1a  Code  Gb  xencoding_sb.o [3]
_GenldFull              0x08000fe3  0x24e  Code  Lc  xprintffull.o [3]
_IsdstStr               0x2000008c    0x4  Data  Gb  setlocale.o [3]
_LdtobFull              0x08000be1  0x3fc  Code  Lc  xprintffull.o [3]
_LitobFull              0x08000ad9  0x106  Code  Lc  xprintffull.o [3]
_LocaleEncoding         0x08001e35    0xe  Code  Gb  setlocale.o [3]
_LocaleReturnString     0x200000ac   0x50  Data  Lc  setlocale.o [3]
_Locale_Profile         0x20000090   0x1c  Data  Gb  setlocale.o [3]
_Locale_aeabi_lconv     0x20000050   0x38  Data  Gb  localeconv.o [3]
_Locale_lconv           0x20000000   0x50  Data  Gb  localeconv.o [3]
_Mbtowc                 0x0800127b   0x20  Code  Gb  xmbtowc.o [3]
_PrintfFull             0x08000125  0x61e  Code  Gb  xprintffull.o [3]
_Prout                  0x08006045   0x16  Code  Gb  xprout.o [3]
_PutcharsFull           0x08001231   0x2e  Code  Lc  xprintffull.o [3]
_PutstrFull             0x080007c7  0x30c  Code  Lc  xprintffull.o [3]
_TzoneStr               0x20000088    0x4  Data  Gb  setlocale.o [3]
_Wctomb                 0x08001401   0x1a  Code  Gb  xwctomb.o [3]
__aeabi_cdcmple         0x08001645         Code  Gb  DblCmpLe.o [4]
__aeabi_cdrcmple        0x08001675         Code  Gb  DblCmpGe.o [4]
__aeabi_d2iz            0x080017b5         Code  Gb  DblToI32.o [4]
__aeabi_d2uiz           0x080017e1         Code  Gb  DblToI32.o [4]
__aeabi_ddiv            0x08001b61         Code  Gb  DblDiv.o [4]
__aeabi_dmul            0x080019bd         Code  Gb  DblMul.o [4]
__aeabi_dsub            0x0800183d         Code  Gb  DblSub.o [4]
__aeabi_f2d             0x08005001         Code  Gb  FltToDbl.o [4]
__aeabi_f2iz            0x08004fb1         Code  Gb  FltToS32.o [4]
__aeabi_fadd            0x08004d59         Code  Gb  FltAdd.o [4]
__aeabi_fdiv            0x08004ddd         Code  Gb  FltDiv.o [4]
__aeabi_fmul            0x08004ed9         Code  Gb  FltMul.o [4]
__aeabi_i2d             0x0800180d         Code  Gb  I32ToDbl.o [4]
__aeabi_i2f             0x08004d25         Code  Gb  I32ToFlt.o [4]
__aeabi_ldiv0           0x08001ed5         Code  Gb  I64DivZer.o [5]
__aeabi_ui2d            0x08001821         Code  Gb  I32ToDbl.o [4]
__aeabi_ui2f            0x08004d39         Code  Gb  I32ToFlt.o [4]
__aeabi_uldivmod        0x08001515         Code  Gb  I64DivMod.o [5]
__cmain                 0x08005ffd         Code  Gb  cmain.o [5]
__data_Aldata           0x20000244    0x8  Data  Gb  xxmemxmalloc.o [3]
__data_GetMemChunk      0x08001ea9   0x2c  Code  Gb  xgetmemchunk.o [3]
__exit                  0x08005d91   0x14  Code  Gb  exit.o [6]
__iar_Dnorm             0x08001603   0x42  Code  Gb  xdnorm.o [4]
__iar_Dscale            0x080016a5  0x110  Code  Gb  xdscale.o [4]
__iar_Locale_lconv_init
                        0x08001db9   0x3a  Code  Gb  localeconv.o [3]
__iar_Mbcurmax          0x08001345    0xa  Code  Gb  xmbcurmax.o [3]
__iar_Memchr            0x080012ed         Code  Gb  memchr.o [5]
__iar_Stdout            0x200000fc   0x40  Data  Gb  xfiles.o [3]
__iar_Strchr            0x0800129d         Code  Gb  strchr.o [5]
__iar_Strrchr           0x0800505d   0x18  Code  Gb  strrchr.o [3]
__iar_d2uiz             0x080017ed         Code  Gb  DblToI32.o [4]
__iar_dadd              0x08001ed9         Code  Gb  DblAdd.o [4]
__iar_data_init3        0x08005f2d   0x28  Code  Gb  data_init.o [5]
__iar_dlib_perthread_access
                        0x08001fad    0x2  Code  Gb  xtls.o [3]
__iar_dsub              0x08001851         Code  Gb  DblSub.o [4]
__iar_dsubStart         0x08001863         Code  Gb  DblSub.o [4]
__iar_fadd              0x08004d69         Code  Gb  FltAdd.o [4]
__iar_fsub              0x08005131         Code  Gb  FltSub.o [4]
__iar_fsubStart         0x08005141         Code  Gb  FltSub.o [4]
__iar_packbits_init3    0x08005cdb   0xae  Code  Gb  packbits_init.o [5]
__iar_program_start     0x080060ad         Code  Gb  cstartup_M.o [5]
__iar_ui2d              0x08001825         Code  Gb  I32ToDbl.o [4]
__iar_ui2f              0x08004d3d         Code  Gb  I32ToFlt.o [4]
__iar_unaligned___aeabi_memcpy
                        0x0800141d         Code  Gb  ABImemcpy_unaligned.o [5]
__iar_unaligned___aeabi_memcpy4
                        0x0800143d         Code  Gb  ABImemcpy_unaligned.o [5]
__iar_unaligned___aeabi_memcpy8
                        0x0800143d         Code  Gb  ABImemcpy_unaligned.o [5]
__iar_zero_init3        0x08005e55   0x40  Code  Gb  zero_init3.o [5]
__low_level_init        0x08006017    0x4  Code  Gb  low_level_init.o [3]
__vector_table          0x08000000         Data  Gb  startup_stm32l152xc.o [1]
_call_main              0x08006009         Code  Gb  cmain.o [5]
_exit                   0x08006021         Code  Gb  cexit.o [5]
_main                   0x08006013         Code  Gb  cmain.o [5]
aPLLDivisionFactorTable
                        0x080060c0    0x4  Data  Gb  stm32l1xx_hal_rcc.o [1]
aPLLMULFactorTable      0x080060a0    0xc  Data  Gb  stm32l1xx_hal_rcc.o [1]
abort                   0x08005d89    0x6  Code  Gb  abort.o [3]
acqdata                 0x20000230    0xc  Data  Gb  sensorapp.o [1]
div                     0x08001e25    0xe  Code  Gb  div.o [3]
exit                    0x0800601b    0x4  Code  Gb  exit.o [3]
fputc                   0x08003fd5   0x24  Code  Gb  common.o [1]
free                    0x08001495   0x7a  Code  Gb  xxmemxfree.o [3]
hi2c2                   0x200001d4   0x3c  Data  Gb  i2c.o [1]
hrtc                    0x20000210   0x20  Data  Gb  rtc.o [1]
htsensor                0x20000250    0x4  Data  Gb  sensorapp.o [1]
htvalue                 0x2000023c    0x8  Data  Gb  sensorapp.o [1]
huart1                  0x20000194   0x40  Data  Gb  usart.o [1]
localeconv              0x08001df3   0x16  Code  Gb  localeconv.o [3]
main                    0x08005b35   0x3c  Code  Gb  main.o [1]
malloc                  0x08001351   0xac  Code  Gb  xxmemxmalloc.o [3]
memchr                  0x080012ed         Code  Gb  memchr.o [5]
obuf                    0x20000144   0x50  Data  Lc  xfiles.o [3]
printf                  0x0800447d   0x24  Code  Gb  printf.o [3]
putchar                 0x0800605d    0xc  Code  Gb  putchar.o [3]
secflag                 0x2000025d    0x1  Data  Gb  common.o [1]
strchr                  0x0800129d         Code  Gb  strchr.o [5]
strlen                  0x080012b5         Code  Gb  strlen.o [5]
strrchr                 0x0800446d   0x10  Code  Gb  sensorapp.o [1]
uart1revbyte            0x2000025e    0x1  Data  Gb  uartapp.o [1]
uwTick                  0x20000254    0x4  Data  Lc  stm32l1xx_hal.o [1]


[1] = E:\TCL\PROJECT\sensor\software\Sensor\EWARM\Sensor\Obj
[2] = command line
[3] = dl7M_tlf.a
[4] = m7M_tl.a
[5] = rt7M_tl.a
[6] = shb_l.a

  24 566 bytes of readonly  code memory
     463 bytes of readonly  data memory
   2 143 bytes of readwrite data memory

Errors: none
Warnings: none
