###############################################################################
#
# IAR ELF Linker V7.40.3.8902/W32 for ARM                 27/May/2016  08:35:15
# Copyright 2007-2015 IAR Systems AB.
#
#    Output file  =  
#        E:\TCL\PROJECT\sensor\software\Sensor\EWARM\Sensor\Exe\Sensor.out
#    Map file     =  
#        E:\TCL\PROJECT\sensor\software\Sensor\EWARM\Sensor/List\Sensor.map
#    Command line =  
#        E:\TCL\PROJECT\sensor\software\Sensor\EWARM\Sensor\Obj\adc.o
#        E:\TCL\PROJECT\sensor\software\Sensor\EWARM\Sensor\Obj\apprtc.o
#        E:\TCL\PROJECT\sensor\software\Sensor\EWARM\Sensor\Obj\common.o
#        E:\TCL\PROJECT\sensor\software\Sensor\EWARM\Sensor\Obj\gpio.o
#        E:\TCL\PROJECT\sensor\software\Sensor\EWARM\Sensor\Obj\i2c.o
#        E:\TCL\PROJECT\sensor\software\Sensor\EWARM\Sensor\Obj\main.o
#        E:\TCL\PROJECT\sensor\software\Sensor\EWARM\Sensor\Obj\rtc.o
#        E:\TCL\PROJECT\sensor\software\Sensor\EWARM\Sensor\Obj\sensorapp.o
#        E:\TCL\PROJECT\sensor\software\Sensor\EWARM\Sensor\Obj\startup_stm32l152xc.o
#        E:\TCL\PROJECT\sensor\software\Sensor\EWARM\Sensor\Obj\stm32l1xx_hal.o
#        E:\TCL\PROJECT\sensor\software\Sensor\EWARM\Sensor\Obj\stm32l1xx_hal_adc.o
#        E:\TCL\PROJECT\sensor\software\Sensor\EWARM\Sensor\Obj\stm32l1xx_hal_adc_ex.o
#        E:\TCL\PROJECT\sensor\software\Sensor\EWARM\Sensor\Obj\stm32l1xx_hal_cortex.o
#        E:\TCL\PROJECT\sensor\software\Sensor\EWARM\Sensor\Obj\stm32l1xx_hal_dma.o
#        E:\TCL\PROJECT\sensor\software\Sensor\EWARM\Sensor\Obj\stm32l1xx_hal_flash.o
#        E:\TCL\PROJECT\sensor\software\Sensor\EWARM\Sensor\Obj\stm32l1xx_hal_flash_ex.o
#        E:\TCL\PROJECT\sensor\software\Sensor\EWARM\Sensor\Obj\stm32l1xx_hal_flash_ramfunc.o
#        E:\TCL\PROJECT\sensor\software\Sensor\EWARM\Sensor\Obj\stm32l1xx_hal_gpio.o
#        E:\TCL\PROJECT\sensor\software\Sensor\EWARM\Sensor\Obj\stm32l1xx_hal_i2c.o
#        E:\TCL\PROJECT\sensor\software\Sensor\EWARM\Sensor\Obj\stm32l1xx_hal_msp.o
#        E:\TCL\PROJECT\sensor\software\Sensor\EWARM\Sensor\Obj\stm32l1xx_hal_pwr.o
#        E:\TCL\PROJECT\sensor\software\Sensor\EWARM\Sensor\Obj\stm32l1xx_hal_pwr_ex.o
#        E:\TCL\PROJECT\sensor\software\Sensor\EWARM\Sensor\Obj\stm32l1xx_hal_rcc.o
#        E:\TCL\PROJECT\sensor\software\Sensor\EWARM\Sensor\Obj\stm32l1xx_hal_rcc_ex.o
#        E:\TCL\PROJECT\sensor\software\Sensor\EWARM\Sensor\Obj\stm32l1xx_hal_rtc.o
#        E:\TCL\PROJECT\sensor\software\Sensor\EWARM\Sensor\Obj\stm32l1xx_hal_rtc_ex.o
#        E:\TCL\PROJECT\sensor\software\Sensor\EWARM\Sensor\Obj\stm32l1xx_hal_tim.o
#        E:\TCL\PROJECT\sensor\software\Sensor\EWARM\Sensor\Obj\stm32l1xx_hal_tim_ex.o
#        E:\TCL\PROJECT\sensor\software\Sensor\EWARM\Sensor\Obj\stm32l1xx_hal_uart.o
#        E:\TCL\PROJECT\sensor\software\Sensor\EWARM\Sensor\Obj\stm32l1xx_it.o
#        E:\TCL\PROJECT\sensor\software\Sensor\EWARM\Sensor\Obj\system_stm32l1xx.o
#        E:\TCL\PROJECT\sensor\software\Sensor\EWARM\Sensor\Obj\tim.o
#        E:\TCL\PROJECT\sensor\software\Sensor\EWARM\Sensor\Obj\uartapp.o
#        E:\TCL\PROJECT\sensor\software\Sensor\EWARM\Sensor\Obj\usart.o
#        --redirect _Printf=_PrintfFull --redirect _Scanf=_ScanfFull -o
#        E:\TCL\PROJECT\sensor\software\Sensor\EWARM\Sensor\Exe\Sensor.out
#        --map
#        E:\TCL\PROJECT\sensor\software\Sensor\EWARM\Sensor/List\Sensor.map
#        --config
#        E:\TCL\PROJECT\sensor\software\Sensor\EWARM/stm32l152xc_flash.icf
#        --semihosting --entry __iar_program_start --vfe
#
###############################################################################

*******************************************************************************
*** RUNTIME MODEL ATTRIBUTES
***

CppFlavor                     = *
__Heap_Handler                = Basic
__SystemLibrary               = DLib
__dlib_dynamic_initialization = normal


*******************************************************************************
*** PLACEMENT SUMMARY
***

"A1":  place at 0x08000000 { ro section .intvec };
"P1":  place in [from 0x08000000 to 0x0803ffff] { ro };
"P2":  place in [from 0x20000000 to 0x20007fff] { rw, block CSTACK, block HEAP };

  Section             Kind        Address    Size  Object
  -------             ----        -------    ----  ------
"A1":                                       0x124
  .intvec             ro code  0x08000000   0x124  startup_stm32l152xc.o [1]
                             - 0x08000124   0x124

"P1":                                      0x6dc5
  .text               ro code  0x08000124  0x1156  xprintffull.o [3]
  .text               ro code  0x0800127a    0x20  xmbtowc.o [3]
  .text               ro code  0x0800129c    0x16  strchr.o [5]
  .text               ro code  0x080012b4    0x36  strlen.o [5]
  .text               ro code  0x080012ec    0x58  memchr.o [5]
  .text               ro code  0x08001344     0xa  xmbcurmax.o [3]
  .text               ro code  0x08001350    0xb0  xxmemxmalloc.o [3]
  .text               ro code  0x08001400    0x1a  xwctomb.o [3]
  .text               ro code  0x0800141c    0x76  ABImemcpy_unaligned.o [5]
  .text               ro code  0x08001494    0x80  xxmemxfree.o [3]
  .text               ro code  0x08001514    0xee  I64DivMod.o [5]
  .text               ro code  0x08001602    0x42  xdnorm.o [4]
  .text               ro code  0x08001644    0x2e  DblCmpLe.o [4]
  .text               ro code  0x08001674    0x2e  DblCmpGe.o [4]
  .text               ro code  0x080016a4   0x110  xdscale.o [4]
  .text               ro code  0x080017b4    0x58  DblToI32.o [4]
  .text               ro code  0x0800180c    0x30  I32ToDbl.o [4]
  .text               ro code  0x0800183c   0x180  DblSub.o [4]
  .text               ro code  0x080019bc   0x1a2  DblMul.o [4]
  .text               ro code  0x08001b60   0x256  DblDiv.o [4]
  .text               ro code  0x08001db8    0x6c  localeconv.o [3]
  .text               ro code  0x08001e24     0xe  div.o [3]
  .text               ro code  0x08001e34    0x14  setlocale.o [3]
  .text               ro code  0x08001e48    0x60  xencoding_sb.o [3]
  .text               ro code  0x08001ea8    0x2c  xgetmemchunk.o [3]
  .text               ro code  0x08001ed4     0x2  I64DivZer.o [5]
  .text               ro code  0x08001ed8    0xd4  DblAdd.o [4]
  .text               ro code  0x08001fac     0x2  xtls.o [3]
  .text               ro code  0x08001fb0   0xdd4  stm32l1xx_hal_i2c.o [1]
  .text               ro code  0x08002d84    0xd8  i2c.o [1]
  .text               ro code  0x08002e5c   0xcc4  stm32l1xx_hal_rcc.o [1]
  .text               ro code  0x08003b20    0x54  stm32l1xx_hal.o [1]
  .text               ro code  0x08003b74   0x200  stm32l1xx_hal_gpio.o [1]
  .text               ro code  0x08003d74   0x164  stm32l1xx_hal_cortex.o [1]
  .text               ro code  0x08003ed8    0x10  stm32l1xx_hal_pwr_ex.o [1]
  .text               ro code  0x08003ee8    0x80  stm32l1xx_hal_msp.o [1]
  .text               ro code  0x08003f68   0x11c  common.o [1]
  .text               ro code  0x08004084   0x574  sensorapp.o [1]
  .text               ro code  0x080045f8    0x10  sensorapp.o [1]
  .text               ro code  0x08004608    0x24  printf.o [3]
  .text               ro code  0x0800462c     0xc  common.o [1]
  .text               ro code  0x08004638     0xc  common.o [1]
  .text               ro code  0x08004644     0xc  common.o [1]
  .text               ro code  0x08004650   0x86c  stm32l1xx_hal_uart.o [1]
  .text               ro code  0x08004ebc    0x32  I32ToFlt.o [4]
  .text               ro code  0x08004ef0    0x84  FltAdd.o [4]
  .text               ro code  0x08004f74    0xfc  FltDiv.o [4]
  .text               ro code  0x08005070    0xd8  FltMul.o [4]
  .text               ro code  0x08005148    0x44  FltToS32.o [4]
  .text               ro code  0x0800518c     0xc  sensorapp.o [1]
  .text               ro code  0x08005198    0x4e  FltToDbl.o [4]
  .text               ro code  0x080051e8     0xc  sensorapp.o [1]
  .text               ro code  0x080051f4   0x600  stm32l1xx_hal_adc.o [1]
  .text               ro code  0x080057f4     0xc  sensorapp.o [1]
  .text               ro code  0x08005800    0x18  strrchr.o [3]
  .text               ro code  0x08005818    0xa4  usart.o [1]
  .text               ro code  0x080058bc    0x18  uartapp.o [1]
  .text               ro code  0x080058d4    0xd6  FltSub.o [4]
  .text               ro code  0x080059ac    0xdc  adc.o [1]
  .text               ro code  0x08005a88     0x2  stm32l1xx_hal_adc_ex.o [1]
  .text               ro code  0x08005a8c   0x3e4  stm32l1xx_hal_rtc.o [1]
  .text               ro code  0x08005e70    0xf8  rtc.o [1]
  .text               ro code  0x08005f68   0x2ba  stm32l1xx_hal_rtc_ex.o [1]
  .text               ro code  0x08006224    0x1e  apprtc.o [1]
  .text               ro code  0x08006244   0x36c  stm32l1xx_hal_tim.o [1]
  .text               ro code  0x080065b0    0x8c  tim.o [1]
  .text               ro code  0x0800663c    0x5a  stm32l1xx_hal_tim_ex.o [1]
  .text               ro code  0x08006698   0x174  stm32l1xx_hal_rcc_ex.o [1]
  .text               ro code  0x0800680c    0xf8  main.o [1]
  .text               ro code  0x08006904    0x94  gpio.o [1]
  .text               ro code  0x08006998    0xd0  packbits_init.o [5]
  .text               ro code  0x08006a68     0x6  abort.o [3]
  .text               ro code  0x08006a70    0x14  exit.o [6]
  .text               ro code  0x08006a84    0x64  system_stm32l1xx.o [1]
  .text               ro code  0x08006ae8    0x5c  stm32l1xx_it.o [1]
  .text               ro code  0x08006b44    0x40  zero_init3.o [5]
  .rodata             const    0x08006b84    0x3c  sensorapp.o [1]
  .rodata             const    0x08006bc0    0x34  common.o [1]
  .rodata             const    0x08006bf4    0x28  common.o [1]
  .rodata             const    0x08006c1c    0x28  common.o [1]
  .text               ro code  0x08006c44    0x28  data_init.o [5]
  .rodata             const    0x08006c6c    0x24  sensorapp.o [1]
  .iar.init_table     const    0x08006c90    0x2c  - Linker created -
  .rodata             const    0x08006cbc    0x20  sensorapp.o [1]
  .rodata             const    0x08006cdc    0x1c  sensorapp.o [1]
  .rodata             const    0x08006cf8    0x1c  sensorapp.o [1]
  .text               ro code  0x08006d14    0x1a  cmain.o [5]
  .text               ro code  0x08006d2e     0x4  low_level_init.o [3]
  .text               ro code  0x08006d32     0x4  exit.o [3]
  .text               ro code  0x08006d38     0xa  cexit.o [5]
  .rodata             const    0x08006d44    0x18  sensorapp.o [1]
  .text               ro code  0x08006d5c    0x16  xprout.o [3]
  .text               ro code  0x08006d74     0xc  putchar.o [3]
  .rodata             const    0x08006d80    0x10  sensorapp.o [1]
  .rodata             const    0x08006d90    0x10  system_stm32l1xx.o [1]
  .text               ro code  0x08006da0    0x10  startup_stm32l152xc.o [1]
  .rodata             const    0x08006db0     0xc  common.o [1]
  .rodata             const    0x08006dbc     0xc  sensorapp.o [1]
  .rodata             const    0x08006dc8     0xc  stm32l1xx_hal_rcc.o [1]
  .text               ro code  0x08006dd4     0xc  cstartup_M.o [5]
  .rodata             const    0x08006de0     0x8  system_stm32l1xx.o [1]
  .rodata             const    0x08006de8     0x4  stm32l1xx_hal_rcc.o [1]
  .text               ro code  0x08006dec     0x4  startup_stm32l152xc.o [1]
  .text               ro code  0x08006df0     0x4  startup_stm32l152xc.o [1]
  .text               ro code  0x08006df4     0x4  startup_stm32l152xc.o [1]
  .text               ro code  0x08006df8     0x4  startup_stm32l152xc.o [1]
  .text               ro code  0x08006dfc     0x4  startup_stm32l152xc.o [1]
  .text               ro code  0x08006e00     0x4  startup_stm32l152xc.o [1]
  .text               ro code  0x08006e04     0x4  startup_stm32l152xc.o [1]
  .text               ro code  0x08006e08     0x4  startup_stm32l152xc.o [1]
  .text               ro code  0x08006e0c     0x4  startup_stm32l152xc.o [1]
  .text               ro code  0x08006e10     0x4  startup_stm32l152xc.o [1]
  .text               ro code  0x08006e14     0x4  startup_stm32l152xc.o [1]
  .text               ro code  0x08006e18     0x4  startup_stm32l152xc.o [1]
  .text               ro code  0x08006e1c     0x4  startup_stm32l152xc.o [1]
  .text               ro code  0x08006e20     0x4  startup_stm32l152xc.o [1]
  .text               ro code  0x08006e24     0x4  startup_stm32l152xc.o [1]
  .text               ro code  0x08006e28     0x4  startup_stm32l152xc.o [1]
  .text               ro code  0x08006e2c     0x4  startup_stm32l152xc.o [1]
  .text               ro code  0x08006e30     0x4  startup_stm32l152xc.o [1]
  .text               ro code  0x08006e34     0x4  startup_stm32l152xc.o [1]
  .text               ro code  0x08006e38     0x4  startup_stm32l152xc.o [1]
  .text               ro code  0x08006e3c     0x4  startup_stm32l152xc.o [1]
  .text               ro code  0x08006e40     0x4  startup_stm32l152xc.o [1]
  .text               ro code  0x08006e44     0x4  startup_stm32l152xc.o [1]
  .text               ro code  0x08006e48     0x4  startup_stm32l152xc.o [1]
  .text               ro code  0x08006e4c     0x4  startup_stm32l152xc.o [1]
  .text               ro code  0x08006e50     0x4  startup_stm32l152xc.o [1]
  .text               ro code  0x08006e54     0x4  startup_stm32l152xc.o [1]
  .text               ro code  0x08006e58     0x4  startup_stm32l152xc.o [1]
  .text               ro code  0x08006e5c     0x4  startup_stm32l152xc.o [1]
  .text               ro code  0x08006e60     0x4  startup_stm32l152xc.o [1]
  .text               ro code  0x08006e64     0x4  startup_stm32l152xc.o [1]
  .text               ro code  0x08006e68     0x4  startup_stm32l152xc.o [1]
  .text               ro code  0x08006e6c     0x4  startup_stm32l152xc.o [1]
  .text               ro code  0x08006e70     0x4  startup_stm32l152xc.o [1]
  .text               ro code  0x08006e74     0x4  startup_stm32l152xc.o [1]
  .text               ro code  0x08006e78     0x4  startup_stm32l152xc.o [1]
  .text               ro code  0x08006e7c     0x4  startup_stm32l152xc.o [1]
  .text               ro code  0x08006e80     0x4  startup_stm32l152xc.o [1]
  .text               ro code  0x08006e84     0x4  startup_stm32l152xc.o [1]
  .text               ro code  0x08006e88     0x4  startup_stm32l152xc.o [1]
  .text               ro code  0x08006e8c     0x4  startup_stm32l152xc.o [1]
  .text               ro code  0x08006e90     0x4  startup_stm32l152xc.o [1]
  .text               ro code  0x08006e94     0x4  startup_stm32l152xc.o [1]
  .text               ro code  0x08006e98     0x4  startup_stm32l152xc.o [1]
  .text               ro code  0x08006e9c     0x4  startup_stm32l152xc.o [1]
  .text               ro code  0x08006ea0     0x4  startup_stm32l152xc.o [1]
  .text               ro code  0x08006ea4     0x4  startup_stm32l152xc.o [1]
  .text               ro code  0x08006ea8     0x4  startup_stm32l152xc.o [1]
  .text               ro code  0x08006eac     0x4  startup_stm32l152xc.o [1]
  .text               ro code  0x08006eb0     0x4  startup_stm32l152xc.o [1]
  .rodata             const    0x08006eb4     0x0  zero_init3.o [5]
  .rodata             const    0x08006eb4     0x0  packbits_init.o [5]
  Initializer bytes   const    0x08006eb4    0x35  <for P2 s0>
                             - 0x08006ee9  0x6dc5

"P2":                                       0x8f8
  P2 s0                        0x20000000   0x142  <Init block>
    __DLIB_PERTHREAD  inited   0x20000000    0x88  localeconv.o [3]
    __DLIB_PERTHREAD  inited   0x20000088    0x74  setlocale.o [3]
    .data             inited   0x200000fc    0x40  xfiles.o [3]
    .data             inited   0x2000013c     0x4  system_stm32l1xx.o [1]
    .data             inited   0x20000140     0x2  common.o [1]
  .bss                zero     0x20000144    0x54  adc.o [1]
  .bss                zero     0x20000198    0x50  xfiles.o [3]
  .bss                zero     0x200001e8    0x40  usart.o [1]
  .bss                zero     0x20000228    0x3c  i2c.o [1]
  .bss                zero     0x20000264    0x38  tim.o [1]
  .bss                zero     0x2000029c    0x20  rtc.o [1]
  .bss                zero     0x200002bc     0xc  sensorapp.o [1]
  .bss                zero     0x200002c8     0x8  sensorapp.o [1]
  .bss                zero     0x200002d0     0x8  xxmemxmalloc.o [3]
  .bss                zero     0x200002d8     0x4  common.o [1]
  .bss                zero     0x200002dc     0x4  sensorapp.o [1]
  .bss                zero     0x200002e0     0x4  sensorapp.o [1]
  .bss                zero     0x200002e4     0x4  sensorapp.o [1]
  .bss                zero     0x200002e8     0x4  stm32l1xx_hal.o [1]
  .bss                zero     0x200002ec     0x4  xgetmemchunk.o [3]
  .bss                zero     0x200002f0     0x2  sensorapp.o [1]
  .bss                zero     0x200002f2     0x1  common.o [1]
  .bss                zero     0x200002f3     0x1  common.o [1]
  .bss                zero     0x200002f4     0x1  sensorapp.o [1]
  .bss                zero     0x200002f5     0x1  sensorapp.o [1]
  .bss                zero     0x200002f6     0x1  uartapp.o [1]
  CSTACK                       0x200002f8   0x400  <Block>
    CSTACK            uninit   0x200002f8   0x400  <Block tail>
  HEAP                         0x200006f8   0x200  <Block>
    HEAP              uninit   0x200006f8   0x200  <Block tail>
                             - 0x200008f8   0x8f8


*******************************************************************************
*** INIT TABLE
***

          Address     Size
          -------     ----
Zero (__iar_zero_init3)
    1 destination range, total size 0x1b3:
          0x20000144  0x1b3

Copy/packbits (__iar_packbits_init3)
    1 source range, total size 0x35 (16% of destination):
          0x08006eb4   0x35
    1 destination range, total size 0x142:
          0x20000000  0x142



*******************************************************************************
*** MODULE SUMMARY
***

    Module                  ro code  ro data  rw data
    ------                  -------  -------  -------
E:\TCL\PROJECT\sensor\software\Sensor\EWARM\Sensor\Obj: [1]
    adc.o                       220                84
    apprtc.o                     30
    common.o                    320      145        8
    gpio.o                      148
    i2c.o                       216                60
    main.o                      248
    rtc.o                       248                32
    sensorapp.o               1 448      236       36
    startup_stm32l152xc.o       508
    stm32l1xx_hal.o              84                 4
    stm32l1xx_hal_adc.o       1 536
    stm32l1xx_hal_adc_ex.o        2
    stm32l1xx_hal_cortex.o      356
    stm32l1xx_hal_gpio.o        512
    stm32l1xx_hal_i2c.o       3 540
    stm32l1xx_hal_msp.o         128
    stm32l1xx_hal_pwr_ex.o       16
    stm32l1xx_hal_rcc.o       3 268       16
    stm32l1xx_hal_rcc_ex.o      372
    stm32l1xx_hal_rtc.o         996
    stm32l1xx_hal_rtc_ex.o      698
    stm32l1xx_hal_tim.o         876
    stm32l1xx_hal_tim_ex.o       90
    stm32l1xx_hal_uart.o      2 156
    stm32l1xx_it.o               92
    system_stm32l1xx.o          100       24        4
    tim.o                       140                56
    uartapp.o                    24                 1
    usart.o                     164                64
    -------------------------------------------------
    Total:                   18 536      421      349

command line: [2]
    -------------------------------------------------
    Total:

dl7M_tlf.a: [3]
    abort.o                       6
    div.o                        14
    exit.o                        4
    localeconv.o                108       22      136
    low_level_init.o              4
    printf.o                     36
    putchar.o                    12
    setlocale.o                  20       19      116
    strrchr.o                    24
    xencoding_sb.o               96
    xfiles.o                              11      144
    xgetmemchunk.o               44                 4
    xmbcurmax.o                  10
    xmbtowc.o                    32
    xprintffull.o             4 438
    xprout.o                     22
    xtls.o                        2
    xwctomb.o                    26
    xxmemxfree.o                128
    xxmemxmalloc.o              176                 8
    -------------------------------------------------
    Total:                    5 202       52      408

m7M_tl.a: [4]
    DblAdd.o                    212
    DblCmpGe.o                   46
    DblCmpLe.o                   46
    DblDiv.o                    598
    DblMul.o                    418
    DblSub.o                    384
    DblToI32.o                   88
    FltAdd.o                    132
    FltDiv.o                    252
    FltMul.o                    216
    FltSub.o                    214
    FltToDbl.o                   78
    FltToS32.o                   68
    I32ToDbl.o                   48
    I32ToFlt.o                   50
    xdnorm.o                     66
    xdscale.o                   272
    -------------------------------------------------
    Total:                    3 188

rt7M_tl.a: [5]
    ABImemcpy_unaligned.o       118
    I64DivMod.o                 238
    I64DivZer.o                   2
    cexit.o                      10
    cmain.o                      26
    cstartup_M.o                 12
    data_init.o                  40
    memchr.o                     88
    packbits_init.o             208
    strchr.o                     22
    strlen.o                     54
    zero_init3.o                 64
    -------------------------------------------------
    Total:                      882

shb_l.a: [6]
    exit.o                       20
    -------------------------------------------------
    Total:                       20

    Gaps                         46        2        2
    Linker created                        44    1 536
-----------------------------------------------------
    Grand Total:             27 874      519    2 295


*******************************************************************************
*** ENTRY LIST
***

Entry                      Address   Size  Type      Object
-----                      -------   ----  ----      ------
.iar.init_table$$Base   0x08006c90          --   Gb  - Linker created -
.iar.init_table$$Limit  0x08006cbc          --   Gb  - Linker created -
?main                   0x08006d15         Code  Gb  cmain.o [5]
ADC1_IRQHandler         0x08006b01    0xa  Code  Gb  stm32l1xx_it.o [1]
ADCAirquaInit           0x0800448d    0xc  Code  Gb  sensorapp.o [1]
ADC_Enable              0x08005761   0x72  Code  Gb  stm32l1xx_hal_adc.o [1]
AHBPrescTable           0x08006d90   0x10  Data  Gb  system_stm32l1xx.o [1]
APBPrescTable           0x08006de0    0x8  Data  Gb  system_stm32l1xx.o [1]
AcqDataStart            0x08004645    0xc  Code  Gb  common.o [1]
AcqDataStop             0x080051e9    0xc  Code  Gb  sensorapp.o [1]
AcqDataTest             0x080043a1   0xc6  Code  Gb  sensorapp.o [1]
AirSensorAcqHandle      0x0800449f   0x90  Code  Gb  sensorapp.o [1]
AirSensorAcqStart       0x08004639    0xc  Code  Gb  common.o [1]
AirSensorAcqStop        0x080057f5    0xc  Code  Gb  sensorapp.o [1]
BusFault_Handler        0x08006aef    0x2  Code  Gb  stm32l1xx_it.o [1]
CSTACK$$Base            0x200002f8          --   Gb  - Linker created -
CSTACK$$Limit           0x200006f8          --   Gb  - Linker created -
DebugMon_Handler        0x08006af3    0x2  Code  Gb  stm32l1xx_it.o [1]
HAL_ADCEx_InjectedConvCpltCallback
                        0x08005a89    0x2  Code  Wk  stm32l1xx_hal_adc_ex.o [1]
HAL_ADC_ConfigChannel   0x0800559d  0x1c4  Code  Gb  stm32l1xx_hal_adc.o [1]
HAL_ADC_ConvCpltCallback
                        0x0800452f   0x5e  Code  Gb  sensorapp.o [1]
HAL_ADC_ErrorCallback   0x0800559b    0x2  Code  Wk  stm32l1xx_hal_adc.o [1]
HAL_ADC_IRQHandler      0x0800544d  0x14c  Code  Gb  stm32l1xx_hal_adc.o [1]
HAL_ADC_Init            0x080051f5  0x1c2  Code  Gb  stm32l1xx_hal_adc.o [1]
HAL_ADC_LevelOutOfWindowCallback
                        0x08005599    0x2  Code  Wk  stm32l1xx_hal_adc.o [1]
HAL_ADC_MspInit         0x08005a29   0x4e  Code  Gb  adc.o [1]
HAL_ADC_Start_IT        0x080053b7   0x96  Code  Gb  stm32l1xx_hal_adc.o [1]
HAL_GPIO_Init           0x08003b75  0x1c0  Code  Gb  stm32l1xx_hal_gpio.o [1]
HAL_GPIO_WritePin       0x08003d35   0x14  Code  Gb  stm32l1xx_hal_gpio.o [1]
HAL_GetTick             0x08003b67    0x6  Code  Wk  stm32l1xx_hal.o [1]
HAL_I2C_ER_IRQHandler   0x080025fd   0xce  Code  Gb  stm32l1xx_hal_i2c.o [1]
HAL_I2C_EV_IRQHandler   0x080024c9  0x134  Code  Gb  stm32l1xx_hal_i2c.o [1]
HAL_I2C_ErrorCallback   0x080026d7    0x2  Code  Wk  stm32l1xx_hal_i2c.o [1]
HAL_I2C_Init            0x08001fb1  0x170  Code  Gb  stm32l1xx_hal_i2c.o [1]
HAL_I2C_MasterRxCpltCallback
                        0x080026cd    0x2  Code  Wk  stm32l1xx_hal_i2c.o [1]
HAL_I2C_MasterTxCpltCallback
                        0x080026cb    0x2  Code  Wk  stm32l1xx_hal_i2c.o [1]
HAL_I2C_Master_Receive  0x08002259  0x256  Code  Gb  stm32l1xx_hal_i2c.o [1]
HAL_I2C_Master_Transmit
                        0x08002121  0x138  Code  Gb  stm32l1xx_hal_i2c.o [1]
HAL_I2C_MemRxCpltCallback
                        0x080026d5    0x2  Code  Wk  stm32l1xx_hal_i2c.o [1]
HAL_I2C_MemTxCpltCallback
                        0x080026d3    0x2  Code  Wk  stm32l1xx_hal_i2c.o [1]
HAL_I2C_MspInit         0x08002dc7   0x80  Code  Gb  i2c.o [1]
HAL_I2C_SlaveRxCpltCallback
                        0x080026d1    0x2  Code  Wk  stm32l1xx_hal_i2c.o [1]
HAL_I2C_SlaveTxCpltCallback
                        0x080026cf    0x2  Code  Wk  stm32l1xx_hal_i2c.o [1]
HAL_IncTick             0x08003b5b    0xc  Code  Wk  stm32l1xx_hal.o [1]
HAL_Init                0x08003b21   0x16  Code  Gb  stm32l1xx_hal.o [1]
HAL_InitTick            0x08003b37   0x24  Code  Wk  stm32l1xx_hal.o [1]
HAL_MspInit             0x08003ee9   0x80  Code  Gb  stm32l1xx_hal_msp.o [1]
HAL_NVIC_EnableIRQ      0x08003e77    0xe  Code  Gb  stm32l1xx_hal_cortex.o [1]
HAL_NVIC_SetPriority    0x08003e51   0x26  Code  Gb  stm32l1xx_hal_cortex.o [1]
HAL_NVIC_SetPriorityGrouping
                        0x08003e45    0xc  Code  Gb  stm32l1xx_hal_cortex.o [1]
HAL_PWREx_GetVoltageRange
                        0x08003ed9    0xa  Code  Gb  stm32l1xx_hal_pwr_ex.o [1]
HAL_RCCEx_PeriphCLKConfig
                        0x08006699  0x15e  Code  Gb  stm32l1xx_hal_rcc_ex.o [1]
HAL_RCC_ClockConfig     0x08003695  0x2aa  Code  Gb  stm32l1xx_hal_rcc.o [1]
HAL_RCC_GetHCLKFreq     0x080039f3    0x6  Code  Gb  stm32l1xx_hal_rcc.o [1]
HAL_RCC_GetPCLK1Freq    0x080039f9   0x26  Code  Gb  stm32l1xx_hal_rcc.o [1]
HAL_RCC_GetPCLK2Freq    0x08003a25   0x26  Code  Gb  stm32l1xx_hal_rcc.o [1]
HAL_RCC_GetSysClockFreq
                        0x0800393f   0xb4  Code  Gb  stm32l1xx_hal_rcc.o [1]
HAL_RCC_OscConfig       0x08002e5d  0x838  Code  Gb  stm32l1xx_hal_rcc.o [1]
HAL_RTCEx_AlarmBEventCallback
                        0x08006221    0x2  Code  Wk  stm32l1xx_hal_rtc_ex.o [1]
HAL_RTC_AlarmAEventCallback
                        0x08006225   0x1e  Code  Gb  apprtc.o [1]
HAL_RTC_AlarmIRQHandler
                        0x08005d99   0x5e  Code  Gb  stm32l1xx_hal_rtc.o [1]
HAL_RTC_GetDate         0x08005d4b   0x4e  Code  Gb  stm32l1xx_hal_rtc.o [1]
HAL_RTC_GetTime         0x08005f69   0x66  Code  Gb  stm32l1xx_hal_rtc_ex.o [1]
HAL_RTC_Init            0x08005a8d   0xac  Code  Gb  stm32l1xx_hal_rtc.o [1]
HAL_RTC_MspInit         0x08005f2f   0x2e  Code  Gb  rtc.o [1]
HAL_RTC_SetAlarm_IT     0x08005fcf  0x208  Code  Gb  stm32l1xx_hal_rtc_ex.o [1]
HAL_RTC_SetDate         0x08005c4f   0xfc  Code  Gb  stm32l1xx_hal_rtc.o [1]
HAL_RTC_SetTime         0x08005b39  0x116  Code  Gb  stm32l1xx_hal_rtc.o [1]
HAL_RTC_WaitForSynchro  0x080061d7   0x3c  Code  Gb  stm32l1xx_hal_rtc_ex.o [1]
HAL_SYSTICK_CLKSourceConfig
                        0x08003e91   0x20  Code  Gb  stm32l1xx_hal_cortex.o [1]
HAL_SYSTICK_Callback    0x0800402d   0x34  Code  Gb  common.o [1]
HAL_SYSTICK_Config      0x08003e85    0xc  Code  Gb  stm32l1xx_hal_cortex.o [1]
HAL_SYSTICK_IRQHandler  0x08003ed1    0x8  Code  Gb  stm32l1xx_hal_cortex.o [1]
HAL_TIMEx_MasterConfigSynchronization
                        0x0800663d   0x5a  Code  Gb  stm32l1xx_hal_tim_ex.o [1]
HAL_TIM_Base_Init       0x08006245   0x38  Code  Gb  stm32l1xx_hal_tim.o [1]
HAL_TIM_Base_MspInit    0x0800660d   0x26  Code  Gb  tim.o [1]
HAL_TIM_ConfigClockSource
                        0x0800627d  0x11e  Code  Gb  stm32l1xx_hal_tim.o [1]
HAL_TIM_SlaveConfigSynchronization
                        0x0800639b   0x4e  Code  Gb  stm32l1xx_hal_tim.o [1]
HAL_UART_ErrorCallback  0x08004961    0x2  Code  Wk  stm32l1xx_hal_uart.o [1]
HAL_UART_IRQHandler     0x08004845  0x11a  Code  Gb  stm32l1xx_hal_uart.o [1]
HAL_UART_Init           0x08004651   0x70  Code  Gb  stm32l1xx_hal_uart.o [1]
HAL_UART_MspInit        0x08005855   0x58  Code  Gb  usart.o [1]
HAL_UART_Receive_IT     0x080047bd   0x88  Code  Gb  stm32l1xx_hal_uart.o [1]
HAL_UART_RxCpltCallback
                        0x080058bd   0x18  Code  Gb  uartapp.o [1]
HAL_UART_Transmit       0x080046c1   0xfc  Code  Gb  stm32l1xx_hal_uart.o [1]
HAL_UART_TxCpltCallback
                        0x0800495f    0x2  Code  Wk  stm32l1xx_hal_uart.o [1]
HEAP$$Base              0x200006f8          --   Gb  - Linker created -
HEAP$$Limit             0x200008f8          --   Gb  - Linker created -
HTSensorAcqHandle       0x08004307   0x9a  Code  Gb  sensorapp.o [1]
HTSensorAcqStart        0x0800462d    0xc  Code  Gb  common.o [1]
HTSensorAcqStop         0x0800518d    0xc  Code  Gb  sensorapp.o [1]
HTSensorInit            0x0800408d   0x88  Code  Gb  sensorapp.o [1]
HValueAcq               0x0800416f   0xc6  Code  Gb  sensorapp.o [1]
HardFault_Handler       0x08006aeb    0x2  Code  Gb  stm32l1xx_it.o [1]
HardInit                0x08003f69   0x5c  Code  Gb  common.o [1]
I2C2_ER_IRQHandler      0x08006b15    0xa  Code  Gb  stm32l1xx_it.o [1]
I2C2_EV_IRQHandler      0x08006b0b    0xa  Code  Gb  stm32l1xx_it.o [1]
I2C_IsAcknowledgeFailed
                        0x08002d5b   0x2a  Code  Lc  stm32l1xx_hal_i2c.o [1]
I2C_MasterReceive_BTF   0x080027dd   0xa6  Code  Lc  stm32l1xx_hal_i2c.o [1]
I2C_MasterReceive_RXNE  0x08002761   0x7c  Code  Lc  stm32l1xx_hal_i2c.o [1]
I2C_MasterRequestRead   0x08002a1f  0x106  Code  Lc  stm32l1xx_hal_i2c.o [1]
I2C_MasterRequestWrite  0x08002989   0x96  Code  Lc  stm32l1xx_hal_i2c.o [1]
I2C_MasterTransmit_BTF  0x08002705   0x5c  Code  Lc  stm32l1xx_hal_i2c.o [1]
I2C_MasterTransmit_TXE  0x080026d9   0x2c  Code  Lc  stm32l1xx_hal_i2c.o [1]
I2C_SlaveReceive_BTF    0x080028dd   0x1e  Code  Lc  stm32l1xx_hal_i2c.o [1]
I2C_SlaveReceive_RXNE   0x080028bf   0x1e  Code  Lc  stm32l1xx_hal_i2c.o [1]
I2C_SlaveTransmit_BTF   0x080028a1   0x1e  Code  Lc  stm32l1xx_hal_i2c.o [1]
I2C_SlaveTransmit_TXE   0x08002883   0x1e  Code  Lc  stm32l1xx_hal_i2c.o [1]
I2C_Slave_ADDR          0x080028fb   0x18  Code  Lc  stm32l1xx_hal_i2c.o [1]
I2C_Slave_AF            0x08002955   0x34  Code  Lc  stm32l1xx_hal_i2c.o [1]
I2C_Slave_STOPF         0x08002913   0x42  Code  Lc  stm32l1xx_hal_i2c.o [1]
I2C_WaitOnFlagUntilTimeout
                        0x08002b2d   0xda  Code  Lc  stm32l1xx_hal_i2c.o [1]
I2C_WaitOnMasterAddressFlagUntilTimeout
                        0x08002c07   0x9e  Code  Lc  stm32l1xx_hal_i2c.o [1]
I2C_WaitOnRXNEFlagUntilTimeout
                        0x08002cf7   0x64  Code  Lc  stm32l1xx_hal_i2c.o [1]
I2C_WaitOnTXEFlagUntilTimeout
                        0x08002ca5   0x52  Code  Lc  stm32l1xx_hal_i2c.o [1]
InStream_Read           0x08006999   0x22  Code  Lc  packbits_init.o [5]
IsAcqDataStart          0x08004467   0x12  Code  Gb  sensorapp.o [1]
IsAirSensorAcqStart     0x08004499    0x6  Code  Gb  sensorapp.o [1]
IsHTSensorAcqStart      0x08004085    0x8  Code  Gb  sensorapp.o [1]
IsHTSensorVolRight      0x08004115   0x5a  Code  Gb  sensorapp.o [1]
LoadInt                 0x08000759   0x6e  Code  Lc  xprintffull.o [3]
MX_ADC_Init             0x080059ad   0x7c  Code  Gb  adc.o [1]
MX_GPIO_Init            0x08006905   0x94  Code  Gb  gpio.o [1]
MX_I2C2_Init            0x08002d85   0x42  Code  Gb  i2c.o [1]
MX_RTC_Init             0x08005e71   0xbe  Code  Gb  rtc.o [1]
MX_TIM2_Init            0x080065b1   0x5c  Code  Gb  tim.o [1]
MX_USART1_UART_Init     0x08005819   0x3c  Code  Gb  usart.o [1]
MainHandle              0x08003fc7   0x42  Code  Gb  common.o [1]
MemManage_Handler       0x08006aed    0x2  Code  Gb  stm32l1xx_it.o [1]
NMI_Handler             0x08006ae9    0x2  Code  Gb  stm32l1xx_it.o [1]
NVIC_EnableIRQ          0x08003d9d   0x14  Code  Lc  stm32l1xx_hal_cortex.o [1]
NVIC_EncodePriority     0x08003dd7   0x3e  Code  Lc  stm32l1xx_hal_cortex.o [1]
NVIC_GetPriorityGrouping
                        0x08003d93    0xa  Code  Lc  stm32l1xx_hal_cortex.o [1]
NVIC_SetPriority        0x08003db1   0x26  Code  Lc  stm32l1xx_hal_cortex.o [1]
NVIC_SetPriorityGrouping
                        0x08003d75   0x1e  Code  Lc  stm32l1xx_hal_cortex.o [1]
ParaInit                0x08003fc5    0x2  Code  Gb  common.o [1]
RCC_SetFlashLatencyFromMSIRange
                        0x08003a61   0x90  Code  Lc  stm32l1xx_hal_rcc.o [1]
RTC_Alarm_IRQHandler    0x08006b29    0xa  Code  Gb  stm32l1xx_it.o [1]
RTC_Bcd2ToByte          0x08005e57   0x1a  Code  Gb  stm32l1xx_hal_rtc.o [1]
RTC_ByteToBcd2          0x08005e41   0x16  Code  Gb  stm32l1xx_hal_rtc.o [1]
RTC_EnterInitMode       0x08005e09   0x38  Code  Gb  stm32l1xx_hal_rtc.o [1]
Region$$Table$$Base     0x08006c90          --   Gb  - Linker created -
Region$$Table$$Limit    0x08006cbc          --   Gb  - Linker created -
SensorDataHandle        0x08004479   0x14  Code  Gb  sensorapp.o [1]
SysTick_Config          0x08003e15   0x30  Code  Lc  stm32l1xx_hal_cortex.o [1]
SysTick_Handler         0x08006af5    0xc  Code  Gb  stm32l1xx_it.o [1]
SystemClock_Config      0x08006851   0xa8  Code  Gb  main.o [1]
SystemCoreClock         0x2000013c    0x4  Data  Gb  system_stm32l1xx.o [1]
SystemInit              0x08006a85   0x4c  Code  Gb  system_stm32l1xx.o [1]
TIM_Base_SetConfig      0x080063e9   0x6e  Code  Lc  stm32l1xx_hal_tim.o [1]
TIM_ETR_SetConfig       0x08006595   0x1c  Code  Lc  stm32l1xx_hal_tim.o [1]
TIM_ITRx_SetConfig      0x0800657f   0x16  Code  Lc  stm32l1xx_hal_tim.o [1]
TIM_SlaveTimer_SetConfig
                        0x08006457   0xb4  Code  Lc  stm32l1xx_hal_tim.o [1]
TIM_TI1_ConfigInputStage
                        0x08006525   0x2c  Code  Lc  stm32l1xx_hal_tim.o [1]
TIM_TI2_ConfigInputStage
                        0x08006551   0x2e  Code  Lc  stm32l1xx_hal_tim.o [1]
TValueAcq               0x08004235   0xd2  Code  Gb  sensorapp.o [1]
TimingDelay             0x200002d8    0x4  Data  Gb  common.o [1]
UART_EndTransmit_IT     0x08004abf   0x30  Code  Lc  stm32l1xx_hal_uart.o [1]
UART_Receive_IT         0x08004aef   0xc4  Code  Lc  stm32l1xx_hal_uart.o [1]
UART_SetConfig          0x08004bb3  0x2fe  Code  Lc  stm32l1xx_hal_uart.o [1]
UART_Transmit_IT        0x08004a45   0x7a  Code  Lc  stm32l1xx_hal_uart.o [1]
UART_WaitOnFlagUntilTimeout
                        0x08004963   0xe2  Code  Lc  stm32l1xx_hal_uart.o [1]
USART1_IRQHandler       0x08006b1f    0xa  Code  Gb  stm32l1xx_it.o [1]
UsageFault_Handler      0x08006af1    0x2  Code  Gb  stm32l1xx_it.o [1]
_EncodingSb_Mbtowc      0x08001e63   0x30  Code  Gb  xencoding_sb.o [3]
_EncodingSb_Wctomb      0x08001e49   0x1a  Code  Gb  xencoding_sb.o [3]
_GenldFull              0x08000fe3  0x24e  Code  Lc  xprintffull.o [3]
_IsdstStr               0x2000008c    0x4  Data  Gb  setlocale.o [3]
_LdtobFull              0x08000be1  0x3fc  Code  Lc  xprintffull.o [3]
_LitobFull              0x08000ad9  0x106  Code  Lc  xprintffull.o [3]
_LocaleEncoding         0x08001e35    0xe  Code  Gb  setlocale.o [3]
_LocaleReturnString     0x200000ac   0x50  Data  Lc  setlocale.o [3]
_Locale_Profile         0x20000090   0x1c  Data  Gb  setlocale.o [3]
_Locale_aeabi_lconv     0x20000050   0x38  Data  Gb  localeconv.o [3]
_Locale_lconv           0x20000000   0x50  Data  Gb  localeconv.o [3]
_Mbtowc                 0x0800127b   0x20  Code  Gb  xmbtowc.o [3]
_PrintfFull             0x08000125  0x61e  Code  Gb  xprintffull.o [3]
_Prout                  0x08006d5d   0x16  Code  Gb  xprout.o [3]
_PutcharsFull           0x08001231   0x2e  Code  Lc  xprintffull.o [3]
_PutstrFull             0x080007c7  0x30c  Code  Lc  xprintffull.o [3]
_TzoneStr               0x20000088    0x4  Data  Gb  setlocale.o [3]
_Wctomb                 0x08001401   0x1a  Code  Gb  xwctomb.o [3]
__aeabi_cdcmple         0x08001645         Code  Gb  DblCmpLe.o [4]
__aeabi_cdrcmple        0x08001675         Code  Gb  DblCmpGe.o [4]
__aeabi_d2iz            0x080017b5         Code  Gb  DblToI32.o [4]
__aeabi_d2uiz           0x080017e1         Code  Gb  DblToI32.o [4]
__aeabi_ddiv            0x08001b61         Code  Gb  DblDiv.o [4]
__aeabi_dmul            0x080019bd         Code  Gb  DblMul.o [4]
__aeabi_dsub            0x0800183d         Code  Gb  DblSub.o [4]
__aeabi_f2d             0x08005199         Code  Gb  FltToDbl.o [4]
__aeabi_f2iz            0x08005149         Code  Gb  FltToS32.o [4]
__aeabi_fadd            0x08004ef1         Code  Gb  FltAdd.o [4]
__aeabi_fdiv            0x08004f75         Code  Gb  FltDiv.o [4]
__aeabi_fmul            0x08005071         Code  Gb  FltMul.o [4]
__aeabi_i2d             0x0800180d         Code  Gb  I32ToDbl.o [4]
__aeabi_i2f             0x08004ebd         Code  Gb  I32ToFlt.o [4]
__aeabi_ldiv0           0x08001ed5         Code  Gb  I64DivZer.o [5]
__aeabi_ui2d            0x08001821         Code  Gb  I32ToDbl.o [4]
__aeabi_ui2f            0x08004ed1         Code  Gb  I32ToFlt.o [4]
__aeabi_uldivmod        0x08001515         Code  Gb  I64DivMod.o [5]
__cmain                 0x08006d15         Code  Gb  cmain.o [5]
__data_Aldata           0x200002d0    0x8  Data  Gb  xxmemxmalloc.o [3]
__data_GetMemChunk      0x08001ea9   0x2c  Code  Gb  xgetmemchunk.o [3]
__exit                  0x08006a71   0x14  Code  Gb  exit.o [6]
__iar_Dnorm             0x08001603   0x42  Code  Gb  xdnorm.o [4]
__iar_Dscale            0x080016a5  0x110  Code  Gb  xdscale.o [4]
__iar_Locale_lconv_init
                        0x08001db9   0x3a  Code  Gb  localeconv.o [3]
__iar_Mbcurmax          0x08001345    0xa  Code  Gb  xmbcurmax.o [3]
__iar_Memchr            0x080012ed         Code  Gb  memchr.o [5]
__iar_Stdout            0x200000fc   0x40  Data  Gb  xfiles.o [3]
__iar_Strchr            0x0800129d         Code  Gb  strchr.o [5]
__iar_Strrchr           0x08005801   0x18  Code  Gb  strrchr.o [3]
__iar_d2uiz             0x080017ed         Code  Gb  DblToI32.o [4]
__iar_dadd              0x08001ed9         Code  Gb  DblAdd.o [4]
__iar_data_init3        0x08006c45   0x28  Code  Gb  data_init.o [5]
__iar_dlib_perthread_access
                        0x08001fad    0x2  Code  Gb  xtls.o [3]
__iar_dsub              0x08001851         Code  Gb  DblSub.o [4]
__iar_dsubStart         0x08001863         Code  Gb  DblSub.o [4]
__iar_fadd              0x08004f01         Code  Gb  FltAdd.o [4]
__iar_fsub              0x080058d5         Code  Gb  FltSub.o [4]
__iar_fsubStart         0x080058e5         Code  Gb  FltSub.o [4]
__iar_packbits_init3    0x080069bb   0xae  Code  Gb  packbits_init.o [5]
__iar_program_start     0x08006dd5         Code  Gb  cstartup_M.o [5]
__iar_ui2d              0x08001825         Code  Gb  I32ToDbl.o [4]
__iar_ui2f              0x08004ed5         Code  Gb  I32ToFlt.o [4]
__iar_unaligned___aeabi_memcpy
                        0x0800141d         Code  Gb  ABImemcpy_unaligned.o [5]
__iar_unaligned___aeabi_memcpy4
                        0x0800143d         Code  Gb  ABImemcpy_unaligned.o [5]
__iar_unaligned___aeabi_memcpy8
                        0x0800143d         Code  Gb  ABImemcpy_unaligned.o [5]
__iar_zero_init3        0x08006b45   0x40  Code  Gb  zero_init3.o [5]
__low_level_init        0x08006d2f    0x4  Code  Gb  low_level_init.o [3]
__vector_table          0x08000000         Data  Gb  startup_stm32l152xc.o [1]
_call_main              0x08006d21         Code  Gb  cmain.o [5]
_exit                   0x08006d39         Code  Gb  cexit.o [5]
_main                   0x08006d2b         Code  Gb  cmain.o [5]
aPLLDivisionFactorTable
                        0x08006de8    0x4  Data  Gb  stm32l1xx_hal_rcc.o [1]
aPLLMULFactorTable      0x08006dc8    0xc  Data  Gb  stm32l1xx_hal_rcc.o [1]
abort                   0x08006a69    0x6  Code  Gb  abort.o [3]
acqdata                 0x200002bc    0xc  Data  Gb  sensorapp.o [1]
airdata                 0x200002e4    0x4  Data  Gb  sensorapp.o [1]
airsensor               0x200002e0    0x4  Data  Gb  sensorapp.o [1]
div                     0x08001e25    0xe  Code  Gb  div.o [3]
exit                    0x08006d33    0x4  Code  Gb  exit.o [3]
fputc                   0x08004009   0x24  Code  Gb  common.o [1]
free                    0x08001495   0x7a  Code  Gb  xxmemxfree.o [3]
hadc                    0x20000144   0x54  Data  Gb  adc.o [1]
hi2c2                   0x20000228   0x3c  Data  Gb  i2c.o [1]
hrtc                    0x2000029c   0x20  Data  Gb  rtc.o [1]
htim2                   0x20000264   0x38  Data  Gb  tim.o [1]
htsensor                0x200002dc    0x4  Data  Gb  sensorapp.o [1]
htvalue                 0x200002c8    0x8  Data  Gb  sensorapp.o [1]
huart1                  0x200001e8   0x40  Data  Gb  usart.o [1]
localeconv              0x08001df3   0x16  Code  Gb  localeconv.o [3]
main                    0x0800680d   0x44  Code  Gb  main.o [1]
malloc                  0x08001351   0xac  Code  Gb  xxmemxmalloc.o [3]
memchr                  0x080012ed         Code  Gb  memchr.o [5]
obuf                    0x20000198   0x50  Data  Lc  xfiles.o [3]
printf                  0x08004609   0x24  Code  Gb  printf.o [3]
putchar                 0x08006d75    0xc  Code  Gb  putchar.o [3]
secflag                 0x200002f3    0x1  Data  Gb  common.o [1]
strchr                  0x0800129d         Code  Gb  strchr.o [5]
strlen                  0x080012b5         Code  Gb  strlen.o [5]
strrchr                 0x080045f9   0x10  Code  Gb  sensorapp.o [1]
uart1revbyte            0x200002f6    0x1  Data  Gb  uartapp.o [1]
uwTick                  0x200002e8    0x4  Data  Lc  stm32l1xx_hal.o [1]


[1] = E:\TCL\PROJECT\sensor\software\Sensor\EWARM\Sensor\Obj
[2] = command line
[3] = dl7M_tlf.a
[4] = m7M_tl.a
[5] = rt7M_tl.a
[6] = shb_l.a

  27 874 bytes of readonly  code memory
     519 bytes of readonly  data memory
   2 295 bytes of readwrite data memory

Errors: none
Warnings: none
